#-----------------------------------------------------------
# Vivado v2025.1 (64-bit)
# SW Build 6140274 on Thu May 22 00:12:29 MDT 2025
# IP Build 6138677 on Thu May 22 03:10:11 MDT 2025
# SharedData Build 6139179 on Tue May 20 17:58:58 MDT 2025
# Start of session at: Tue Jun 24 17:17:55 2025
# Process ID         : 28640
# Current directory  : D:/verilog/ece3300l/Group H/Lab2/vivado_proj/lab2.runs/impl_1
# Command line       : vivado.exe -log decoder4x16_behav.vdi -applog -product Vivado -messageDb vivado.pb -mode batch -source decoder4x16_behav.tcl -notrace
# Log file           : D:/verilog/ece3300l/Group H/Lab2/vivado_proj/lab2.runs/impl_1/decoder4x16_behav.vdi
# Journal file       : D:/verilog/ece3300l/Group H/Lab2/vivado_proj/lab2.runs/impl_1\vivado.jou
# Running On         : ASTROFRANK
# Platform           : Windows Server 2016 or Windows 10
# Operating System   : 26100
# Processor Detail   : AMD Ryzen 9 5950X 16-Core Processor            
# CPU Frequency      : 3400 MHz
# CPU Physical cores : 16
# CPU Logical cores  : 32
# Host memory        : 34266 MB
# Swap memory        : 2147 MB
# Total Virtual      : 36413 MB
# Available Virtual  : 17946 MB
#-----------------------------------------------------------
source decoder4x16_behav.tcl -notrace
